// Jest Snapshot v1, https://goo.gl/fbAQLP

exports[`createJob 1`] = `ShallowWrapper {}`;

exports[`render 1`] = `ReactWrapper {}`;
