// Jest Snapshot v1, https://goo.gl/fbAQLP

exports[`Job1 1`] = `ShallowWrapper {}`;

exports[`createJob 1`] = `ShallowWrapper {}`;
