// Jest Snapshot v1, https://goo.gl/fbAQLP

exports[`navbar 1`] = `ShallowWrapper {}`;
