// Jest Snapshot v1, https://goo.gl/fbAQLP

exports[`error404 1`] = `ShallowWrapper {}`;
